D:\Work_Struts\cmsll\modules\node\node-hib\src\main\java\rw\ktc\cms\nodedata\service\hib\NodeServiceGeneric.java
D:\Work_Struts\cmsll\modules\node\node-hib\src\main\java\rw\ktc\cms\nodedata\service\hib\ServiceHib.java
D:\Work_Struts\cmsll\modules\node\node-hib\src\main\java\rw\ktc\cms\nodedata\service\hib\HistNodeServiceGeneric.java
D:\Work_Struts\cmsll\modules\node\node-hib\src\main\java\rw\ktc\cms\nodedata\service\hib\StateServiceHib.java
D:\Work_Struts\cmsll\modules\node\node-hib\src\main\java\rw\ktc\cms\nodedata\service\hib\GenericHibernateDAO.java
D:\Work_Struts\cmsll\modules\node\node-hib\src\main\java\rw\ktc\cms\nodedata\service\hib\HistNodeServiceHibernate.java
D:\Work_Struts\cmsll\modules\node\node-hib\src\main\java\rw\ktc\cms\nodedata\service\hib\NodeServiceImpl.java
D:\Work_Struts\cmsll\modules\node\node-hib\src\main\java\rw\ktc\cms\nodedata\service\hib\RuleServiceHib.java
D:\Work_Struts\cmsll\modules\node\node-hib\src\main\java\rw\ktc\cms\nodedata\service\hib\HistNodeServiceHib.java
D:\Work_Struts\cmsll\modules\node\node-hib\src\main\java\rw\ktc\cms\nodedata\service\hib\HibPackageScan.java
