rw\ktc\cms\nodedata\rules\IRuleJSONDecompiler.class
rw\ktc\cms\nodedata\json\ViewFlag$NodeHistory.class
rw\ktc\cms\nodedata\service\StateService.class
rw\ktc\cms\nodedata\HistoryNode.class
rw\ktc\cms\nodedata\service\RuleService.class
rw\ktc\cms\nodedata\test\TestRule.class
rw\ktc\cms\nodedata\NodeException.class
rw\ktc\cms\nodedata\NodeStateReaderJSON.class
rw\ktc\cms\nodedata\service\NodeService.class
rw\ktc\cms\nodedata\Node.class
rw\ktc\cms\nodedata\state\StateCreateUser.class
rw\ktc\cms\nodedata\state\State.class
rw\ktc\cms\nodedata\json\ViewFlag$UserWithRoles.class
rw\ktc\cms\nodedata\json\ViewFlag$UserFull.class
rw\ktc\cms\nodedata\rules\RuleJSONdecompiler.class
rw\ktc\cms\nodedata\rules\RuleIface.class
rw\ktc\cms\nodedata\json\ViewFlag$UserBriefly.class
rw\ktc\cms\nodedata\rules\RulePerformer.class
rw\ktc\cms\nodedata\NodeStateProxy.class
rw\ktc\cms\nodedata\NodeProperty.class
rw\ktc\cms\nodedata\rules\MockLoadRule.class
rw\ktc\cms\nodedata\state\StateCreateDefault.class
rw\ktc\cms\nodedata\json\ViewFlag.class
rw\ktc\cms\nodedata\json\ViewFlag$NodeBriefly.class
rw\ktc\cms\nodedata\NodeStateReaderService.class
rw\ktc\cms\nodedata\json\ViewFlag$RoleFull.class
rw\ktc\cms\nodedata\rules\Rule.class
rw\ktc\cms\nodedata\service\HistoryNodeService.class
rw\ktc\cms\nodedata\json\ViewFlag$NodeFull.class
rw\ktc\cms\nodedata\state\StateSimple.class
rw\ktc\cms\nodedata\rules\RuleHistory.class
rw\ktc\cms\nodedata\state\StateNoSimple.class
rw\ktc\cms\nodedata\service\GenericDAO.class
rw\ktc\cms\nodedata\BigProperty.class
rw\ktc\cms\nodedata\state\StateDefault.class
rw\ktc\cms\nodedata\NodeImpl.class
rw\ktc\cms\nodedata\NodeState.class
rw\ktc\cms\nodedata\HistoryNodeImpl.class
rw\ktc\cms\nodedata\rules\RuleFlags.class
rw\ktc\cms\nodedata\NodeStateReader.class
rw\ktc\cms\nodedata\json\ViewFlag$NodeWithProperty.class
