D:\Work_Struts\cmsll\modules\node\node\src\main\java\rw\ktc\cms\nodedata\rules\MockLoadRule.java
D:\Work_Struts\cmsll\modules\node\node\src\main\java\rw\ktc\cms\nodedata\BigProperty.java
D:\Work_Struts\cmsll\modules\node\node\src\main\java\rw\ktc\cms\nodedata\NodeStateReaderService.java
D:\Work_Struts\cmsll\modules\node\node\src\main\java\rw\ktc\cms\nodedata\NodeStateReader.java
D:\Work_Struts\cmsll\modules\node\node\src\main\java\rw\ktc\cms\nodedata\NodeImpl.java
D:\Work_Struts\cmsll\modules\node\node\src\main\java\rw\ktc\cms\nodedata\service\NodeService.java
D:\Work_Struts\cmsll\modules\node\node\src\main\java\rw\ktc\cms\nodedata\HistoryNode.java
D:\Work_Struts\cmsll\modules\node\node\src\main\java\rw\ktc\cms\nodedata\test\TestRule.java
D:\Work_Struts\cmsll\modules\node\node\src\main\java\rw\ktc\cms\nodedata\json\ViewFlag.java
D:\Work_Struts\cmsll\modules\node\node\src\main\java\rw\ktc\cms\nodedata\service\RuleService.java
D:\Work_Struts\cmsll\modules\node\node\src\main\java\rw\ktc\cms\nodedata\NodeStateProxy.java
D:\Work_Struts\cmsll\modules\node\node\src\main\java\rw\ktc\cms\nodedata\NodeStateReaderJSON.java
D:\Work_Struts\cmsll\modules\node\node\src\main\java\rw\ktc\cms\nodedata\state\StateDefault.java
D:\Work_Struts\cmsll\modules\node\node\src\main\java\rw\ktc\cms\nodedata\state\State.java
D:\Work_Struts\cmsll\modules\node\node\src\main\java\rw\ktc\cms\nodedata\state\StateNoSimple.java
D:\Work_Struts\cmsll\modules\node\node\src\main\java\rw\ktc\cms\nodedata\rules\RuleJSONdecompiler.java
D:\Work_Struts\cmsll\modules\node\node\src\main\java\rw\ktc\cms\nodedata\rules\Rule.java
D:\Work_Struts\cmsll\modules\node\node\src\main\java\rw\ktc\cms\nodedata\state\StateSimple.java
D:\Work_Struts\cmsll\modules\node\node\src\main\java\rw\ktc\cms\nodedata\service\StateService.java
D:\Work_Struts\cmsll\modules\node\node\src\main\java\rw\ktc\cms\nodedata\service\HistoryNodeService.java
D:\Work_Struts\cmsll\modules\node\node\src\main\java\rw\ktc\cms\nodedata\rules\RulePerformer.java
D:\Work_Struts\cmsll\modules\node\node\src\main\java\rw\ktc\cms\nodedata\HistoryNodeImpl.java
D:\Work_Struts\cmsll\modules\node\node\src\main\java\rw\ktc\cms\nodedata\service\GenericDAO.java
D:\Work_Struts\cmsll\modules\node\node\src\main\java\rw\ktc\cms\nodedata\NodeProperty.java
D:\Work_Struts\cmsll\modules\node\node\src\main\java\rw\ktc\cms\nodedata\state\StateCreateDefault.java
D:\Work_Struts\cmsll\modules\node\node\src\main\java\rw\ktc\cms\nodedata\rules\RuleIface.java
D:\Work_Struts\cmsll\modules\node\node\src\main\java\rw\ktc\cms\nodedata\NodeException.java
D:\Work_Struts\cmsll\modules\node\node\src\main\java\rw\ktc\cms\nodedata\NodeState.java
D:\Work_Struts\cmsll\modules\node\node\src\main\java\rw\ktc\cms\nodedata\rules\RuleFlags.java
D:\Work_Struts\cmsll\modules\node\node\src\main\java\rw\ktc\cms\nodedata\rules\IRuleJSONDecompiler.java
D:\Work_Struts\cmsll\modules\node\node\src\main\java\rw\ktc\cms\nodedata\rules\RuleHistory.java
D:\Work_Struts\cmsll\modules\node\node\src\main\java\rw\ktc\cms\nodedata\state\StateCreateUser.java
D:\Work_Struts\cmsll\modules\node\node\src\main\java\rw\ktc\cms\nodedata\Node.java
